Microchip MPLAB XC8 Compiler V2.36

Linker command line:

-W-3 --edf=C:\Program Files\Microchip\xc8\v2.36\pic\dat\en_msgs.txt \
  -pivt0x8=08h -cn -h+dist/default/debug\Avance_ver_18f.debug.sym \
  --cmf=dist/default/debug\Avance_ver_18f.debug.cmf -z -Q18F26K42 \
  -oC:\Users\AULASI~1\AppData\Local\Temp\xcAscco.4 --defsym=__MPLAB_BUILD=1 \
  -Mdist/default/debug/Avance_ver_18f.debug.map \
  --md=C:\Users\AULASI~1\AppData\Local\Temp\xcAscco.dat -E1 \
  -ver=XC8 Compiler --acfsm=1493 -ACODE=00h-0FFFFh -ACONST=00h-0FFFFh \
  -ASMALLCONST=01000h-010FFhx240 -AMEDIUMCONST=01000h-0FFFFh \
  -ACOMRAM=01h-05Fh -AABS1=00h-0FFFh -ABIGRAM=01h-0FFFh \
  -ARAM=060h-0FFh,0100h-01FFhx15 -ABANK0=060h-0FFh -ABANK1=0100h-01FFh \
  -ABANK2=0200h-02FFh -ABANK3=0300h-03FFh -ABANK4=0400h-04FFh \
  -ABANK5=0500h-05FFh -ABANK6=0600h-06FFh -ABANK7=0700h-07FFh \
  -ABANK8=0800h-08FFh -ABANK9=0900h-09FFh -ABANK10=0A00h-0AFFh \
  -ABANK11=0B00h-0BFFh -ABANK12=0C00h-0CFFh -ABANK13=0D00h-0DFFh \
  -ABANK14=0E00h-0EFFh -ABANK15=0F00h-0FFFh \
  -ASFR=03800h-038FFhx7,03F00h-03F5Fh,03F60h-03FFFh -ABIGSFR=03800h-03FFFh \
  -ACONFIG=0300000h-0300009h -AIDLOC=0200000h-020000Fh \
  -AEEDATA=0310000h-03103FFh -peeprom_data=EEDATA -preset_vec=00h \
  -ppowerup=CODE,init -pramtop=01000h -psmallconst=SMALLCONST \
  -pmediumconst=MEDIUMCONST -pconst=CONST -AFARRAM=00h-00h \
  -prdata=COMRAM,nvrram=COMRAM,nvbit=COMRAM,rbss=COMRAM,rbit=COMRAM \
  -pfarbss=FARRAM,fardata=FARRAM,nvFARRAM=FARRAM \
  -pintsave_regs=BIGRAM,bigbss=BIGRAM,bigdata=BIGRAM -pbss=RAM \
  -pidata=CODE,irdata=CODE,ibigdata=CODE,ifardata=CODE -prparam=COMRAM \
  C:\Users\AULASI~1\AppData\Local\Temp\xcAscco.o \
  dist/default/debug\Avance_ver_18f.debug.o 

Object code version is 3.11

Machine type is 18F26K42



                Name                               Link     Load   Length Selector   Space Scale
C:\Users\AULASI~1\AppData\Local\Temp\xcAscco.o
                config                           300000   300000        A        0       4
                init                                 1A       1A        4        4       0
                reset_vec                             0        0        6        0       0
dist/default/debug\Avance_ver_18f.debug.o
                config                           300000   300000        A        0       4
                ivt0x8                                8        8       12        4       0
                text58                             2D26     2D26       32        4       0
                text57                             2DB0     2DB0       2C        4       0
                text56                             231E     231E      104        4       0
                text55                              A14      A14      44E        4       0
                text54                             2218     2218      106        4       0
                text53                             1DE0     1DE0      1B4        4       0
                text52                             1F94     1F94      17C        4       0
                text51                             2D84     2D84       2C        4       0
                text50                             2422     2422       F4        4       0
                text49                             2A98     2A98       68        4       0
                text48                             2F1A     2F1A        4        4       0
                text47                             2E68     2E68       18        4       0
                text46                             29BA     29BA       70        4       0
                text45                             2E28     2E28       24        4       0
                text44                             2F10     2F10        A        4       0
                text43                             2E02     2E02       26        4       0
                text42                             2F06     2F06        A        4       0
                text41                             2C62     2C62       48        4       0
                text40                             2EFC     2EFC        A        4       0
                text39                             2C1A     2C1A       48        4       0
                text38                             2EF2     2EF2        A        4       0
                text37                             2EE8     2EE8        A        4       0
                text36                             2EDE     2EDE        A        4       0
                text35                             2A2A     2A2A       6E        4       0
                text34                             2ED4     2ED4        A        4       0
                text33                             2ECA     2ECA        A        4       0
                text32                             2EC0     2EC0        A        4       0
                text31                             2B66     2B66       62        4       0
                text30                             2DDC     2DDC       26        4       0
                text29                             28BE     28BE       86        4       0
                text28                             2EAC     2EAC       14        4       0
                text27                             2F28     2F28        2        4       0
                text26                             2F26     2F26        2        4       0
                text25                             2F24     2F24        2        4       0
                text24                             281C     281C       A2        4       0
                text23                             2E96     2E96       16        4       0
                text22                             26BE     26BE       BC        4       0
                text21                              E62      E62      39C        4       0
                text20                              5C4      5C4      450        4       0
                text19                             2110     2110      108        4       0
                text18                             25FA     25FA       C4        4       0
                text17                             2516     2516       E4        4       0
                text16                             2D58     2D58       2C        4       0
                text15                             1C28     1C28      1B8        4       0
                text14                             2CAA     2CAA       42        4       0
                text13                               1E       1E      5A6        4       0
                text12                             2F22     2F22        2        4       0
                text11                             2F20     2F20        2        4       0
                text10                             2F1E     2F1E        2        4       0
                text9                              277A     277A       A2        4       0
                text8                              2E80     2E80       16        4       0
                text7                              14D8     14D8      2CA        4       0
                text6                              1A14     1A14      214        4       0
                text5                              2E4C     2E4C       1C        4       0
                text4                              2944     2944       76        4       0
                text3                              2B00     2B00       66        4       0
                text2                              17A2     17A2      272        4       0
                text1                              2BC8     2BC8       52        4       0
                text0                              11FE     11FE      2DA        4       0
                cstackCOMRAM                          1        1       29        1       1
                cstackBANK0                          60       60       56       60       1
                cstackBANK1                         173      173        6      100       1
                bssBANK1                            100      100       57      100       1
                bssBANK0                             B6       B6       3B       60       1
                bssCOMRAM                            2A       2A       23        1       1
                cinit                              2CEC     2CEC       3A        4       0
                nvBANK1                             157      157       1C      100       1
                nvBANK0                              F1       F1        E       60       1
                nvCOMRAM                             4D       4D        8        1       1

TOTAL           Name                               Link     Load   Length     Space
        CLASS   CODE           
                init                                 1A       1A        4         0
                reset_vec                             0        0        6         0
                ivt0x8                                8        8       12         0
                text58                             2D26     2D26       32         0
                text57                             2DB0     2DB0       2C         0
                text56                             231E     231E      104         0
                text55                              A14      A14      44E         0
                text54                             2218     2218      106         0
                text53                             1DE0     1DE0      1B4         0
                text52                             1F94     1F94      17C         0
                text51                             2D84     2D84       2C         0
                text50                             2422     2422       F4         0
                text49                             2A98     2A98       68         0
                text48                             2F1A     2F1A        4         0
                text47                             2E68     2E68       18         0
                text46                             29BA     29BA       70         0
                text45                             2E28     2E28       24         0
                text44                             2F10     2F10        A         0
                text43                             2E02     2E02       26         0
                text42                             2F06     2F06        A         0
                text41                             2C62     2C62       48         0
                text40                             2EFC     2EFC        A         0
                text39                             2C1A     2C1A       48         0
                text38                             2EF2     2EF2        A         0
                text37                             2EE8     2EE8        A         0
                text36                             2EDE     2EDE        A         0
                text35                             2A2A     2A2A       6E         0
                text34                             2ED4     2ED4        A         0
                text33                             2ECA     2ECA        A         0
                text32                             2EC0     2EC0        A         0
                text31                             2B66     2B66       62         0
                text30                             2DDC     2DDC       26         0
                text29                             28BE     28BE       86         0
                text28                             2EAC     2EAC       14         0
                text27                             2F28     2F28        2         0
                text26                             2F26     2F26        2         0
                text25                             2F24     2F24        2         0
                text24                             281C     281C       A2         0
                text23                             2E96     2E96       16         0
                text22                             26BE     26BE       BC         0
                text21                              E62      E62      39C         0
                text20                              5C4      5C4      450         0
                text19                             2110     2110      108         0
                text18                             25FA     25FA       C4         0
                text17                             2516     2516       E4         0
                text16                             2D58     2D58       2C         0
                text15                             1C28     1C28      1B8         0
                text14                             2CAA     2CAA       42         0
                text13                               1E       1E      5A6         0
                text12                             2F22     2F22        2         0
                text11                             2F20     2F20        2         0
                text10                             2F1E     2F1E        2         0
                text9                              277A     277A       A2         0
                text8                              2E80     2E80       16         0
                text7                              14D8     14D8      2CA         0
                text6                              1A14     1A14      214         0
                text5                              2E4C     2E4C       1C         0
                text4                              2944     2944       76         0
                text3                              2B00     2B00       66         0
                text2                              17A2     17A2      272         0
                text1                              2BC8     2BC8       52         0
                text0                              11FE     11FE      2DA         0
                cinit                              2CEC     2CEC       3A         0

        CLASS   CONST          

        CLASS   SMALLCONST     

        CLASS   MEDIUMCONST    

        CLASS   COMRAM         
                cstackCOMRAM                          1        1       29         1
                bssCOMRAM                            2A       2A       23         1
                nvCOMRAM                             4D       4D        8         1

        CLASS   ABS1           

        CLASS   BIGRAM         

        CLASS   RAM            

        CLASS   BANK0          
                cstackBANK0                          60       60       56         1
                bssBANK0                             B6       B6       3B         1
                nvBANK0                              F1       F1        E         1

        CLASS   BANK1          
                cstackBANK1                         173      173        6         1
                bssBANK1                            100      100       57         1
                nvBANK1                             157      157       1C         1

        CLASS   BANK2          

        CLASS   BANK3          

        CLASS   BANK4          

        CLASS   BANK5          

        CLASS   BANK6          

        CLASS   BANK7          

        CLASS   BANK8          

        CLASS   BANK9          

        CLASS   BANK10         

        CLASS   BANK11         

        CLASS   BANK12         

        CLASS   BANK13         

        CLASS   BANK14         

        CLASS   BANK15         

        CLASS   SFR            

        CLASS   BIGSFR         

        CLASS   CONFIG         
                config                           300000   300000        A         4

        CLASS   IDLOC          

        CLASS   EEDATA         

        CLASS   FARRAM         

        CLASS   HEAP           

        CLASS   STACK          



SEGMENTS        Name                           Load    Length   Top    Selector   Space  Class

                reset_vec                      000000  000006  000006         0       0  CODE    
                cstackCOMRAM                   000001  000054  000055         1       1  COMRAM  
                ivt0x8                         000008  002F22  002F2A         4       0  CODE    
                cstackBANK0                    000060  00009F  0000FF        60       1  BANK0   
                bssBANK1                       000100  000079  000179       100       1  BANK1   


UNUSED ADDRESS RANGES

        Name                Unused          Largest block    Delta
        BANK0            0000FF-0000FF                1
        BANK1            000179-0001FF               87
        BANK10           000A00-000AFF              100
        BANK11           000B00-000BFF              100
        BANK12           000C00-000CFF              100
        BANK13           000D00-000DFF              100
        BANK14           000E00-000EFF              100
        BANK15           000F00-000FFF              100
        BANK2            000200-0002FF              100
        BANK3            000300-0003FF              100
        BANK4            000400-0004FF              100
        BANK5            000500-0005FF              100
        BANK6            000600-0006FF              100
        BANK7            000700-0007FF              100
        BANK8            000800-0008FF              100
        BANK9            000900-0009FF              100
        BIGRAM           000055-00005F                B
                         0000FF-0000FF                1
                         000179-000FFF              E87
        BIGSFR           003800-003FFF              800
        CODE             000006-000007                2
                         002F2A-00FFFF             D0D6
        COMRAM           000055-00005F                B
        CONST            000006-000007                2
                         002F2A-00FFFF             D0D6
        EEDATA           310000-3103FF              400
        IDLOC            200000-20000F               10
        MEDIUMCONST      002F2A-00FFFF             D0D6
        RAM              0000FF-0000FF                1
                         000179-000FFF              100
        SFR              003800-003FFF              100
        SMALLCONST       002F2A-00FFFF              100

                                  Symbol Table

?___fldiv                                     cstackBANK0  00008D
?___flmul                                     cstackBANK0  000074
?___fltol                                     cstackBANK0  0000A6
?___lwdiv                                     cstackBANK0  000060
?___lwmod                                     cstackBANK0  000067
?___wmul                                      cstackBANK0  000060
?___xxtofl                                    cstackBANK0  000066
?_abs                                         cstackBANK0  000060
?i2___flmul                                   cstackCOMRAM 000001
?i2___fltol                                   cstackCOMRAM 00001A
?i2___xxtofl                                  cstackCOMRAM 000001
IVTBASEH                                      (abs)        003FD6
IVTBASEL                                      (abs)        003FD5
IVTBASEU                                      (abs)        003FD7
TMR0_SetInterruptHandler@InterruptHandler     cstackBANK0  000060
TMR1_SetInterruptHandler@InterruptHandler     cstackBANK0  000060
TMR1_WriteTimer@timerVal                      cstackCOMRAM 000001
TMR3_SetInterruptHandler@InterruptHandler     cstackBANK0  000060
TMR3_WriteTimer@timerVal                      cstackCOMRAM 000001
UART1_SetErrorHandler@interruptHandler        cstackBANK0  000060
UART1_SetFramingErrorHandler@interruptHandler cstackBANK0  000060
UART1_SetOverrunErrorHandler@interruptHandler cstackBANK0  000060
UART1_Write@txData                            cstackBANK0  000060
UART2_SetErrorHandler@interruptHandler        cstackBANK0  000060
UART2_SetFramingErrorHandler@interruptHandler cstackBANK0  000060
UART2_SetOverrunErrorHandler@interruptHandler cstackBANK0  000060
_ANSELA                                       (abs)        003A40
_ANSELB                                       (abs)        003A50
_ANSELC                                       (abs)        003A60
_Apagar1                                      bssCOMRAM    00004C
_Apagar2                                      bssCOMRAM    000047
_Avance                                       nvBANK0      0000FB
_Az_gps                                       bssBANK1     00013F
_Azf                                          bssBANK0     0000E8
_Azi                                          bssBANK0     0000EC
_Azm                                          bssBANK0     0000EA
_El                                           bssBANK0     0000E0
_Frec_max                                     nvBANK1      000157
_INLVLA                                       (abs)        003A44
_INLVLB                                       (abs)        003A54
_INLVLC                                       (abs)        003A64
_INLVLE                                       (abs)        003A84
_INTCON0bits                                  (abs)        003FD2
_INTERRUPT_Initialize                         text48       002F1A
_INTERRUPT_InterruptManager                   text49       002A98
_LATA                                         (abs)        003FBA
_LATAbits                                     (abs)        003FBA
_LATB                                         (abs)        003FBB
_LATBbits                                     (abs)        003FBB
_LATC                                         (abs)        003FBC
_LATCbits                                     (abs)        003FBC
_M1_Ang                                       bssBANK0     0000B6
_M1_Vel                                       bssBANK1     00014B
_M2_Ang                                       bssBANK0     0000BE
_M2_Vel                                       bssBANK1     000153
_N1                                           bssCOMRAM    000036
_N2                                           bssBANK1     000147
_ODCONA                                       (abs)        003A42
_ODCONB                                       (abs)        003A52
_ODCONC                                       (abs)        003A62
_OSCCON1                                      (abs)        0039D9
_OSCCON3                                      (abs)        0039DB
_OSCEN                                        (abs)        0039DD
_OSCFRQ                                       (abs)        0039DF
_OSCILLATOR_Initialize                        text47       002E68
_OSCTUNE                                      (abs)        0039DE
_PIE3bits                                     (abs)        003993
_PIE4bits                                     (abs)        003994
_PIE6bits                                     (abs)        003996
_PIN_MANAGER_Initialize                       text46       0029BA
_PIR3bits                                     (abs)        0039A3
_PIR4bits                                     (abs)        0039A4
_PIR6bits                                     (abs)        0039A6
_PMD0                                         (abs)        0039C0
_PMD1                                         (abs)        0039C1
_PMD2                                         (abs)        0039C2
_PMD3                                         (abs)        0039C3
_PMD4                                         (abs)        0039C4
_PMD5                                         (abs)        0039C5
_PMD6                                         (abs)        0039C6
_PMD7                                         (abs)        0039C7
_PMD_Initialize                               text45       002E28
_PORTAbits                                    (abs)        003FCA
_PORTCbits                                    (abs)        003FCC
_RB1I2C                                       (abs)        003A5A
_RB2I2C                                       (abs)        003A5B
_RC3I2C                                       (abs)        003A6A
_RC3PPS                                       (abs)        003A13
_RC4I2C                                       (abs)        003A6B
_Rx_data                                      bssBANK1     000100
_SLRCONA                                      (abs)        003A43
_SLRCONB                                      (abs)        003A53
_SLRCONC                                      (abs)        003A63
_SYSTEM_Initialize                            text30       002DDC
_Steps1                                       bssBANK0     0000C6
_Steps2                                       bssBANK0     0000E4
_Steps_ini                                    bssBANK0     0000E6
_T0CON0                                       (abs)        003FB8
_T0CON0bits                                   (abs)        003FB8
_T0CON1                                       (abs)        003FB9
_T1CLK                                        (abs)        003FB5
_T1CON                                        (abs)        003FB2
_T1CONbits                                    (abs)        003FB2
_T1GATE                                       (abs)        003FB4
_T1GCON                                       (abs)        003FB3
_T1GCONbits                                   (abs)        003FB3
_T3CLK                                        (abs)        003FA9
_T3CON                                        (abs)        003FA6
_T3CONbits                                    (abs)        003FA6
_T3GATE                                       (abs)        003FA8
_T3GCON                                       (abs)        003FA7
_T3GCONbits                                   (abs)        003FA7
_TMR0H                                        (abs)        003FB7
_TMR0L                                        (abs)        003FB6
_TMR0_DefaultInterruptHandler                 (abs)        000000
_TMR0_ISR                                     text58       002D26
_TMR0_Initialize                              text43       002E02
_TMR0_InterruptHandler                        nvBANK1      00016B
_TMR0_SetInterruptHandler                     text44       002F10
_TMR1H                                        (abs)        003FB1
_TMR1L                                        (abs)        003FB0
_TMR1_DefaultInterruptHandler                 (abs)        000000
_TMR1_ISR                                     text52       001F94
_TMR1_Initialize                              text41       002C62
_TMR1_InterruptHandler                        nvBANK1      00016D
_TMR1_SetInterruptHandler                     text42       002F06
_TMR1_WriteTimer                              text57       002DB0
_TMR3H                                        (abs)        003FA5
_TMR3L                                        (abs)        003FA4
_TMR3_DefaultInterruptHandler                 (abs)        000000
_TMR3_ISR                                     text50       002422
_TMR3_Initialize                              text39       002C1A
_TMR3_InterruptHandler                        nvBANK1      000167
_TMR3_SetInterruptHandler                     text40       002EFC
_TMR3_WriteTimer                              text51       002D84
_TRISA                                        (abs)        003FC2
_TRISB                                        (abs)        003FC3
_TRISC                                        (abs)        003FC4
_Time                                         bssBANK0     0000C2
_U1BRGH                                       (abs)        003DF6
_U1BRGL                                       (abs)        003DF5
_U1CON0                                       (abs)        003DF2
_U1CON0bits                                   (abs)        003DF2
_U1CON1                                       (abs)        003DF3
_U1CON2                                       (abs)        003DF4
_U1ERRIE                                      (abs)        003DFA
_U1ERRIR                                      (abs)        003DF9
_U1ERRIRbits                                  (abs)        003DF9
_U1FIFO                                       (abs)        003DF7
_U1P1H                                        (abs)        003DED
_U1P1L                                        (abs)        003DEC
_U1P2H                                        (abs)        003DEF
_U1P2L                                        (abs)        003DEE
_U1P3H                                        (abs)        003DF1
_U1P3L                                        (abs)        003DF0
_U1RXB                                        (abs)        003DE8
_U1RXPPS                                      (abs)        003AE5
_U1TXB                                        (abs)        003DEA
_U1UIR                                        (abs)        003DF8
_U2BRGH                                       (abs)        003DDE
_U2BRGL                                       (abs)        003DDD
_U2CON0                                       (abs)        003DDA
_U2CON0bits                                   (abs)        003DDA
_U2CON1                                       (abs)        003DDB
_U2CON2                                       (abs)        003DDC
_U2ERRIE                                      (abs)        003DE2
_U2ERRIR                                      (abs)        003DE1
_U2ERRIRbits                                  (abs)        003DE1
_U2FIFO                                       (abs)        003DDF
_U2P1L                                        (abs)        003DD4
_U2P2L                                        (abs)        003DD6
_U2P3L                                        (abs)        003DD8
_U2RXB                                        (abs)        003DD0
_U2RXPPS                                      (abs)        003AE8
_U2TXB                                        (abs)        003DD2
_U2UIR                                        (abs)        003DE0
_UART1_DefaultErrorHandler                    text12       002F22
_UART1_DefaultFramingErrorHandler             text11       002F20
_UART1_DefaultOverrunErrorHandler             text10       002F1E
_UART1_ErrorHandler                           nvBANK1      000161
_UART1_FramingErrorHandler                    nvBANK1      000165
_UART1_Initialize                             text35       002A2A
_UART1_OverrunErrorHandler                    nvBANK1      000163
_UART1_Read                                   text9        00277A
_UART1_SetErrorHandler                        text38       002EF2
_UART1_SetFramingErrorHandler                 text37       002EE8
_UART1_SetOverrunErrorHandler                 text36       002EDE
_UART1_Write                                  text5        002E4C
_UART1_is_rx_ready                            text8        002E80
_UART2_DefaultErrorHandler                    text27       002F28
_UART2_DefaultFramingErrorHandler             text26       002F26
_UART2_DefaultOverrunErrorHandler             text25       002F24
_UART2_ErrorHandler                           nvBANK1      00015B
_UART2_FramingErrorHandler                    nvBANK1      00015F
_UART2_Initialize                             text31       002B66
_UART2_OverrunErrorHandler                    nvBANK1      00015D
_UART2_Read                                   text24       00281C
_UART2_SetErrorHandler                        text34       002ED4
_UART2_SetFramingErrorHandler                 text33       002ECA
_UART2_SetOverrunErrorHandler                 text32       002EC0
_UART2_is_rx_ready                            text23       002E96
_WPUA                                         (abs)        003A41
_WPUB                                         (abs)        003A51
_WPUC                                         (abs)        003A61
_WPUE                                         (abs)        003A81
_Yr1                                          bssBANK0     0000CE
_Yr2                                          bssBANK0     0000CA
__HRAM                                        (abs)        000000
__Habs1                                       abs1         000000
__Hbank0                                      bank0        000000
__Hbank1                                      bank1        000000
__Hbank10                                     bank10       000000
__Hbank11                                     bank11       000000
__Hbank12                                     bank12       000000
__Hbank13                                     bank13       000000
__Hbank14                                     bank14       000000
__Hbank15                                     bank15       000000
__Hbank2                                      bank2        000000
__Hbank3                                      bank3        000000
__Hbank4                                      bank4        000000
__Hbank5                                      bank5        000000
__Hbank6                                      bank6        000000
__Hbank7                                      bank7        000000
__Hbank8                                      bank8        000000
__Hbank9                                      bank9        000000
__Hbigbss                                     bigbss       000000
__Hbigdata                                    bigdata      000000
__Hbigram                                     bigram       000000
__Hbigsfr                                     bigsfr       000000
__Hbss                                        bss          000000
__HbssBANK0                                   bssBANK0     000000
__HbssBANK1                                   bssBANK1     000000
__HbssCOMRAM                                  bssCOMRAM    000000
__Hcinit                                      cinit        000000
__Hclrtext                                    clrtext      000000
__Hcomram                                     comram       000000
__Hconfig                                     config       30000A
__Hconst                                      const        000000
__HcstackBANK0                                cstackBANK0  000000
__HcstackBANK1                                cstackBANK1  000000
__HcstackCOMRAM                               cstackCOMRAM 000000
__Hdata                                       data         000000
__Heeprom_data                                eeprom_data  000000
__Hfarbss                                     farbss       000000
__Hfardata                                    fardata      000000
__Hheap                                       heap         000000
__Hibigdata                                   ibigdata     000000
__Hidata                                      idata        000000
__Hidloc                                      idloc        000000
__Hifardata                                   ifardata     000000
__Hinit                                       init         00001E
__Hintsave_regs                               intsave_regs 000000
__Hirdata                                     irdata       000000
__Hivt0x8                                     ivt0x8       00001A
__Hmediumconst                                mediumconst  000000
__HnvBANK0                                    nvBANK0      000000
__HnvBANK1                                    nvBANK1      000000
__HnvCOMRAM                                   nvCOMRAM     000000
__HnvFARRAM                                   nvFARRAM     000000
__Hnvbit                                      nvbit        000000
__Hnvrram                                     nvrram       000000
__Hparam                                      rparam       000000
__Hpowerup                                    powerup      000000
__Hram                                        ram          000000
__Hramtop                                     ramtop       001000
__Hrbit                                       rbit         000000
__Hrbss                                       rbss         000000
__Hrdata                                      rdata        000000
__Hreset_vec                                  reset_vec    000006
__Hrparam                                     rparam       000000
__Hsfr                                        sfr          000000
__Hsmallconst                                 smallconst   000000
__Hspace_0                                    (abs)        002F2A
__Hspace_1                                    (abs)        000179
__Hspace_2                                    (abs)        000000
__Hspace_4                                    (abs)        60000A
__Hstack                                      stack        000000
__Hstruct                                     struct       000000
__Htemp                                       temp         000000
__Htext                                       text         000000
__Htext0                                      text0        000000
__Htext1                                      text1        000000
__Htext10                                     text10       000000
__Htext11                                     text11       000000
__Htext12                                     text12       000000
__Htext13                                     text13       000000
__Htext14                                     text14       000000
__Htext15                                     text15       000000
__Htext16                                     text16       000000
__Htext17                                     text17       000000
__Htext18                                     text18       000000
__Htext19                                     text19       000000
__Htext2                                      text2        000000
__Htext20                                     text20       000000
__Htext21                                     text21       000000
__Htext22                                     text22       000000
__Htext23                                     text23       000000
__Htext24                                     text24       000000
__Htext25                                     text25       000000
__Htext26                                     text26       000000
__Htext27                                     text27       000000
__Htext28                                     text28       000000
__Htext29                                     text29       000000
__Htext3                                      text3        000000
__Htext30                                     text30       000000
__Htext31                                     text31       000000
__Htext32                                     text32       000000
__Htext33                                     text33       000000
__Htext34                                     text34       000000
__Htext35                                     text35       000000
__Htext36                                     text36       000000
__Htext37                                     text37       000000
__Htext38                                     text38       000000
__Htext39                                     text39       000000
__Htext4                                      text4        000000
__Htext40                                     text40       000000
__Htext41                                     text41       000000
__Htext42                                     text42       000000
__Htext43                                     text43       000000
__Htext44                                     text44       000000
__Htext45                                     text45       000000
__Htext46                                     text46       000000
__Htext47                                     text47       000000
__Htext48                                     text48       000000
__Htext49                                     text49       000000
__Htext5                                      text5        000000
__Htext50                                     text50       000000
__Htext51                                     text51       000000
__Htext52                                     text52       000000
__Htext53                                     text53       000000
__Htext54                                     text54       000000
__Htext55                                     text55       000000
__Htext56                                     text56       000000
__Htext57                                     text57       000000
__Htext58                                     text58       000000
__Htext59                                     text59       000000
__Htext6                                      text6        000000
__Htext7                                      text7        000000
__Htext8                                      text8        000000
__Htext9                                      text9        000000
__LRAM                                        (abs)        000001
__Labs1                                       abs1         000000
__Lbank0                                      bank0        000000
__Lbank1                                      bank1        000000
__Lbank10                                     bank10       000000
__Lbank11                                     bank11       000000
__Lbank12                                     bank12       000000
__Lbank13                                     bank13       000000
__Lbank14                                     bank14       000000
__Lbank15                                     bank15       000000
__Lbank2                                      bank2        000000
__Lbank3                                      bank3        000000
__Lbank4                                      bank4        000000
__Lbank5                                      bank5        000000
__Lbank6                                      bank6        000000
__Lbank7                                      bank7        000000
__Lbank8                                      bank8        000000
__Lbank9                                      bank9        000000
__Lbigbss                                     bigbss       000000
__Lbigdata                                    bigdata      000000
__Lbigram                                     bigram       000000
__Lbigsfr                                     bigsfr       000000
__Lbss                                        bss          000000
__LbssBANK0                                   bssBANK0     000000
__LbssBANK1                                   bssBANK1     000000
__LbssCOMRAM                                  bssCOMRAM    000000
__Lcinit                                      cinit        000000
__Lclrtext                                    clrtext      000000
__Lcomram                                     comram       000000
__Lconfig                                     config       000000
__Lconst                                      const        000000
__LcstackBANK0                                cstackBANK0  000000
__LcstackBANK1                                cstackBANK1  000000
__LcstackCOMRAM                               cstackCOMRAM 000000
__Ldata                                       data         000000
__Leeprom_data                                eeprom_data  000000
__Lfarbss                                     farbss       000000
__Lfardata                                    fardata      000000
__Lheap                                       heap         000000
__Libigdata                                   ibigdata     000000
__Lidata                                      idata        000000
__Lidloc                                      idloc        000000
__Lifardata                                   ifardata     000000
__Linit                                       init         00001A
__Lintsave_regs                               intsave_regs 000000
__Lirdata                                     irdata       000000
__Livt0x8                                     ivt0x8       000008
__Lmediumconst                                mediumconst  000000
__LnvBANK0                                    nvBANK0      000000
__LnvBANK1                                    nvBANK1      000000
__LnvCOMRAM                                   nvCOMRAM     000000
__LnvFARRAM                                   nvFARRAM     000000
__Lnvbit                                      nvbit        000000
__Lnvrram                                     nvrram       000000
__Lparam                                      rparam       000000
__Lpowerup                                    powerup      000000
__Lram                                        ram          000000
__Lramtop                                     ramtop       001000
__Lrbit                                       rbit         000000
__Lrbss                                       rbss         000000
__Lrdata                                      rdata        000000
__Lreset_vec                                  reset_vec    000000
__Lrparam                                     rparam       000000
__Lsfr                                        sfr          000000
__Lsmallconst                                 smallconst   000000
__Lspace_0                                    (abs)        000000
__Lspace_1                                    (abs)        000000
__Lspace_2                                    (abs)        000000
__Lspace_4                                    (abs)        000000
__Lstack                                      stack        000000
__Lstruct                                     struct       000000
__Ltemp                                       temp         000000
__Ltext                                       text         000000
__Ltext0                                      text0        000000
__Ltext1                                      text1        000000
__Ltext10                                     text10       000000
__Ltext11                                     text11       000000
__Ltext12                                     text12       000000
__Ltext13                                     text13       000000
__Ltext14                                     text14       000000
__Ltext15                                     text15       000000
__Ltext16                                     text16       000000
__Ltext17                                     text17       000000
__Ltext18                                     text18       000000
__Ltext19                                     text19       000000
__Ltext2                                      text2        000000
__Ltext20                                     text20       000000
__Ltext21                                     text21       000000
__Ltext22                                     text22       000000
__Ltext23                                     text23       000000
__Ltext24                                     text24       000000
__Ltext25                                     text25       000000
__Ltext26                                     text26       000000
__Ltext27                                     text27       000000
__Ltext28                                     text28       000000
__Ltext29                                     text29       000000
__Ltext3                                      text3        000000
__Ltext30                                     text30       000000
__Ltext31                                     text31       000000
__Ltext32                                     text32       000000
__Ltext33                                     text33       000000
__Ltext34                                     text34       000000
__Ltext35                                     text35       000000
__Ltext36                                     text36       000000
__Ltext37                                     text37       000000
__Ltext38                                     text38       000000
__Ltext39                                     text39       000000
__Ltext4                                      text4        000000
__Ltext40                                     text40       000000
__Ltext41                                     text41       000000
__Ltext42                                     text42       000000
__Ltext43                                     text43       000000
__Ltext44                                     text44       000000
__Ltext45                                     text45       000000
__Ltext46                                     text46       000000
__Ltext47                                     text47       000000
__Ltext48                                     text48       000000
__Ltext49                                     text49       000000
__Ltext5                                      text5        000000
__Ltext50                                     text50       000000
__Ltext51                                     text51       000000
__Ltext52                                     text52       000000
__Ltext53                                     text53       000000
__Ltext54                                     text54       000000
__Ltext55                                     text55       000000
__Ltext56                                     text56       000000
__Ltext57                                     text57       000000
__Ltext58                                     text58       000000
__Ltext59                                     text59       000000
__Ltext6                                      text6        000000
__Ltext7                                      text7        000000
__Ltext8                                      text8        000000
__Ltext9                                      text9        000000
__S0                                          (abs)        002F2A
__S1                                          (abs)        000179
__S4                                          (abs)        000000
__S5                                          (abs)        000000
___fldiv                                      text21       000E62
___fldiv@a                                    cstackBANK0  000091
___fldiv@aexp                                 cstackBANK0  0000A5
___fldiv@b                                    cstackBANK0  00008D
___fldiv@bexp                                 cstackBANK0  0000A4
___fldiv@grs                                  cstackBANK0  0000A0
___fldiv@new_exp                              cstackBANK0  00009E
___fldiv@rem                                  cstackBANK0  000099
___fldiv@sign                                 cstackBANK0  00009D
___flge                                       text56       00231E
___flge@ff1                                   cstackCOMRAM 00001A
___flge@ff2                                   cstackCOMRAM 00001E
___flmul                                      text20       0005C4
___flmul@a                                    cstackBANK0  000078
___flmul@aexp                                 cstackBANK0  000081
___flmul@b                                    cstackBANK0  000074
___flmul@bexp                                 cstackBANK0  000086
___flmul@grs                                  cstackBANK0  000082
___flmul@prod                                 cstackBANK0  000087
___flmul@sign                                 cstackBANK0  000080
___flmul@temp                                 cstackBANK0  00008B
___fltol                                      text19       002110
___fltol@exp1                                 cstackBANK0  0000AF
___fltol@f1                                   cstackBANK0  0000A6
___fltol@sign1                                cstackBANK0  0000AE
___heap_hi                                    (abs)        000000
___heap_lo                                    (abs)        000000
___inthi_sp                                   stack        000000
___intlo_sp                                   stack        000000
___lwdiv                                      text4        002944
___lwdiv@counter                              cstackBANK0  000064
___lwdiv@dividend                             cstackBANK0  000060
___lwdiv@divisor                              cstackBANK0  000062
___lwdiv@quotient                             cstackBANK0  000065
___lwmod                                      text3        002B00
___lwmod@counter                              cstackBANK0  00006B
___lwmod@dividend                             cstackBANK0  000067
___lwmod@divisor                              cstackBANK0  000069
___param_bank                                 (abs)        000000
___rparam_used                                (abs)        000001
___sp                                         stack        000000
___wmul                                       text16       002D58
___wmul@multiplicand                          cstackBANK0  000062
___wmul@multiplier                            cstackBANK0  000060
___wmul@product                               cstackBANK0  000064
___xxtofl                                     text15       001C28
___xxtofl@arg                                 cstackBANK0  000070
___xxtofl@exp                                 cstackBANK0  00006F
___xxtofl@sign                                cstackBANK0  00006E
___xxtofl@val                                 cstackBANK0  000066
__accesstop                                   (abs)        000060
__activetblptr                                (abs)        000002
__end_of_INTERRUPT_Initialize                 text48       002F1E
__end_of_INTERRUPT_InterruptManager           text49       002B00
__end_of_OSCILLATOR_Initialize                text47       002E80
__end_of_PIN_MANAGER_Initialize               text46       002A2A
__end_of_PMD_Initialize                       text45       002E4C
__end_of_SYSTEM_Initialize                    text30       002E02
__end_of_TMR0_ISR                             text58       002D58
__end_of_TMR0_Initialize                      text43       002E28
__end_of_TMR0_SetInterruptHandler             text44       002F1A
__end_of_TMR1_ISR                             text52       002110
__end_of_TMR1_Initialize                      text41       002CAA
__end_of_TMR1_SetInterruptHandler             text42       002F10
__end_of_TMR1_WriteTimer                      text57       002DDC
__end_of_TMR3_ISR                             text50       002516
__end_of_TMR3_Initialize                      text39       002C62
__end_of_TMR3_SetInterruptHandler             text40       002F06
__end_of_TMR3_WriteTimer                      text51       002DB0
__end_of_UART1_DefaultErrorHandler            text12       002F24
__end_of_UART1_DefaultFramingErrorHandler     text11       002F22
__end_of_UART1_DefaultOverrunErrorHandler     text10       002F20
__end_of_UART1_Initialize                     text35       002A98
__end_of_UART1_Read                           text9        00281C
__end_of_UART1_SetErrorHandler                text38       002EFC
__end_of_UART1_SetFramingErrorHandler         text37       002EF2
__end_of_UART1_SetOverrunErrorHandler         text36       002EE8
__end_of_UART1_Write                          text5        002E68
__end_of_UART1_is_rx_ready                    text8        002E96
__end_of_UART2_DefaultErrorHandler            text27       002F2A
__end_of_UART2_DefaultFramingErrorHandler     text26       002F28
__end_of_UART2_DefaultOverrunErrorHandler     text25       002F26
__end_of_UART2_Initialize                     text31       002BC8
__end_of_UART2_Read                           text24       0028BE
__end_of_UART2_SetErrorHandler                text34       002EDE
__end_of_UART2_SetFramingErrorHandler         text33       002ED4
__end_of_UART2_SetOverrunErrorHandler         text32       002ECA
__end_of_UART2_is_rx_ready                    text23       002EAC
__end_of___fldiv                              text21       0011FE
__end_of___flge                               text56       002422
__end_of___flmul                              text20       000A14
__end_of___fltol                              text19       002218
__end_of___lwdiv                              text4        0029BA
__end_of___lwmod                              text3        002B66
__end_of___wmul                               text16       002D84
__end_of___xxtofl                             text15       001DE0
__end_of__initialization                      cinit        002D1C
__end_of_abs                                  text14       002CEC
__end_of_ang2msj                              text2        001A14
__end_of_calibracion                          text29       002944
__end_of_emergency                            text28       002EC0
__end_of_f_gps                                text22       00277A
__end_of_inicio                               text18       0026BE
__end_of_main                                 text0        0014D8
__end_of_orientacion                          text17       0025FA
__end_of_parametros                           text13       0005C4
__end_of_recepcion                            text7        0017A2
__end_of_seguimiento                          text6        001C28
__end_of_transmision                          text1        002C1A
__end_ofi2___flmul                            text55       000E62
__end_ofi2___fltol                            text54       00231E
__end_ofi2___xxtofl                           text53       001F94
__initialization                              cinit        002CEC
__mediumconst                                 mediumconst  000000
__pbssBANK0                                   bssBANK0     0000B6
__pbssBANK1                                   bssBANK1     000100
__pbssCOMRAM                                  bssCOMRAM    00002A
__pcinit                                      cinit        002CEC
__pcstackBANK0                                cstackBANK0  000060
__pcstackBANK1                                cstackBANK1  000173
__pcstackCOMRAM                               cstackCOMRAM 000001
__pivt0x8                                     ivt0x8       000008
__pnvBANK0                                    nvBANK0      0000F1
__pnvBANK1                                    nvBANK1      000157
__pnvCOMRAM                                   nvCOMRAM     00004D
__ptext0                                      text0        0011FE
__ptext1                                      text1        002BC8
__ptext10                                     text10       002F1E
__ptext11                                     text11       002F20
__ptext12                                     text12       002F22
__ptext13                                     text13       00001E
__ptext14                                     text14       002CAA
__ptext15                                     text15       001C28
__ptext16                                     text16       002D58
__ptext17                                     text17       002516
__ptext18                                     text18       0025FA
__ptext19                                     text19       002110
__ptext2                                      text2        0017A2
__ptext20                                     text20       0005C4
__ptext21                                     text21       000E62
__ptext22                                     text22       0026BE
__ptext23                                     text23       002E96
__ptext24                                     text24       00281C
__ptext25                                     text25       002F24
__ptext26                                     text26       002F26
__ptext27                                     text27       002F28
__ptext28                                     text28       002EAC
__ptext29                                     text29       0028BE
__ptext3                                      text3        002B00
__ptext30                                     text30       002DDC
__ptext31                                     text31       002B66
__ptext32                                     text32       002EC0
__ptext33                                     text33       002ECA
__ptext34                                     text34       002ED4
__ptext35                                     text35       002A2A
__ptext36                                     text36       002EDE
__ptext37                                     text37       002EE8
__ptext38                                     text38       002EF2
__ptext39                                     text39       002C1A
__ptext4                                      text4        002944
__ptext40                                     text40       002EFC
__ptext41                                     text41       002C62
__ptext42                                     text42       002F06
__ptext43                                     text43       002E02
__ptext44                                     text44       002F10
__ptext45                                     text45       002E28
__ptext46                                     text46       0029BA
__ptext47                                     text47       002E68
__ptext48                                     text48       002F1A
__ptext49                                     text49       002A98
__ptext5                                      text5        002E4C
__ptext50                                     text50       002422
__ptext51                                     text51       002D84
__ptext52                                     text52       001F94
__ptext53                                     text53       001DE0
__ptext54                                     text54       002218
__ptext55                                     text55       000A14
__ptext56                                     text56       00231E
__ptext57                                     text57       002DB0
__ptext58                                     text58       002D26
__ptext59                                     text59       000000
__ptext6                                      text6        001A14
__ptext7                                      text7        0014D8
__ptext8                                      text8        002E80
__ptext9                                      text9        00277A
__ramtop                                      ramtop       001000
__smallconst                                  smallconst   000000
_abs                                          text14       002CAA
_ang2msj                                      text2        0017A2
_ang2msj$2406                                 cstackBANK0  0000B0
_ang2rad                                      nvBANK0      0000F1
_ang2step                                     nvCOMRAM     000051
_aux                                          nvBANK0      0000F7
_aux2                                         bssCOMRAM    000044
_aux3                                         bssCOMRAM    000049
_bandera                                      bssBANK0     0000EE
_buffer                                       bssBANK1     000121
_calibracion                                  text29       0028BE
_cont                                         bssCOMRAM    000041
_contador                                     bssCOMRAM    000040
_conteos                                      bssCOMRAM    000032
_conteos2                                     bssBANK1     000143
_direccion1                                   bssCOMRAM    00004B
_direccion2                                   bssCOMRAM    000046
_emergency                                    text28       002EAC
_f_gps                                        text22       0026BE
_flag_gps                                     bssCOMRAM    000048
_flag_timer_Tx                                bssBANK0     0000F0
_gps                                          bssCOMRAM    00003A
_hf                                           bssBANK0     0000DA
_hi                                           bssBANK0     0000DE
_hm                                           bssBANK0     0000DC
_hora_gps                                     bssCOMRAM    00003F
_inicio                                       text18       0025FA
_main                                         text0        0011FE
_main$2405                                    cstackBANK1  000175
_mf                                           bssBANK0     0000D4
_mi                                           bssBANK0     0000D8
_min_gps                                      bssCOMRAM    00003E
_mm                                           bssBANK0     0000D6
_msj1                                         bssCOMRAM    00002E
_msj2                                         bssCOMRAM    00002A
_orientacion                                  text17       002516
_parametros                                   text13       00001E
_parametros$2407                              cstackBANK0  0000B2
_pos_ini                                      bssBANK0     0000E2
_recepcion                                    text7        0014D8
_ref                                          bssBANK0     0000D2
_seguimiento                                  text6        001A14
_state                                        bssBANK0     0000EF
_timer                                        bssCOMRAM    00004A
_timer1ReloadVal                              nvCOMRAM     00004F
_timer2                                       bssCOMRAM    000045
_timer3ReloadVal                              nvCOMRAM     00004D
_timer_gps                                    bssCOMRAM    00003C
_tope1                                        nvBANK0      0000F5
_tope2                                        nvBANK1      000169
_transmision                                  text1        002BC8
_uart1RxLastError                             bssCOMRAM    000043
_uart2RxLastError                             bssCOMRAM    000042
_w2sps                                        nvBANK1      00016F
abs@a                                         cstackBANK0  000060
end_of_initialization                         cinit        002D1C
i2___flmul                                    text55       000A14
i2___flmul@a                                  cstackCOMRAM 000005
i2___flmul@aexp                               cstackCOMRAM 000012
i2___flmul@b                                  cstackCOMRAM 000001
i2___flmul@bexp                               cstackCOMRAM 000013
i2___flmul@grs                                cstackCOMRAM 00000E
i2___flmul@prod                               cstackCOMRAM 000014
i2___flmul@sign                               cstackCOMRAM 00000D
i2___flmul@temp                               cstackCOMRAM 000018
i2___fltol                                    text54       002218
i2___fltol@exp1                               cstackCOMRAM 000023
i2___fltol@f1                                 cstackCOMRAM 00001A
i2___fltol@sign1                              cstackCOMRAM 000022
i2___xxtofl                                   text53       001DE0
i2___xxtofl@arg                               cstackCOMRAM 00000B
i2___xxtofl@exp                               cstackCOMRAM 00000A
i2___xxtofl@sign                              cstackCOMRAM 000009
i2___xxtofl@val                               cstackCOMRAM 000001
intlevel0                                     text         000000
intlevel1                                     text         000000
intlevel2                                     text         000000
intlevel3                                     text         000000
isa$std                                       (abs)        000001
isa$xinst                                     (abs)        000000
ivt0x8_base                                   ivt0x8       000008
stackhi                                       (abs)        000000
stacklo                                       (abs)        000000
start                                         init         00001A
start_initialization                          cinit        002CEC


MODULE INFORMATION

Module		Function		Class		Link	Load	Size
mcc_generated_files/uart2.c
		_UART2_is_rx_ready		CODE           	2E96	0000	22
		_UART2_DefaultErrorHandler		CODE           	2F28	0000	2
		_UART2_DefaultOverrunErrorHandler		CODE           	2F24	0000	2
		_UART2_SetFramingErrorHandler		CODE           	2ECA	0000	10
		_UART2_SetOverrunErrorHandler		CODE           	2EC0	0000	10
		_UART2_Initialize		CODE           	2B66	0000	98
		_UART2_SetErrorHandler		CODE           	2ED4	0000	10
		_UART2_Read    		CODE           	281C	0000	162
		_UART2_DefaultFramingErrorHandler		CODE           	2F26	0000	2

mcc_generated_files/uart2.c estimated size: 318

C:\Program Files\Microchip\xc8\v2.36\pic\sources\c99\common\sprcmul.c
		___flmul       		CODE           	05C4	0000	1104

C:\Program Files\Microchip\xc8\v2.36\pic\sources\c99\common\sprcmul.c estimated size: 1104

C:\Program Files\Microchip\xc8\v2.36\pic\sources\c99\common\sprcdiv.c
		___fldiv       		CODE           	0E62	0000	924

C:\Program Files\Microchip\xc8\v2.36\pic\sources\c99\common\sprcdiv.c estimated size: 924

C:\Program Files\Microchip\xc8\v2.36\pic\sources\c99\common\lwmod.c
		___lwmod       		CODE           	2B00	0000	102

C:\Program Files\Microchip\xc8\v2.36\pic\sources\c99\common\lwmod.c estimated size: 102

mcc_generated_files/interrupt_manager.c
		_INTERRUPT_Initialize		CODE           	2F1A	0000	4
		_INTERRUPT_InterruptManager		CODE           	2A98	0000	104

mcc_generated_files/interrupt_manager.c estimated size: 108

mcc_generated_files/tmr0.c
		_TMR0_SetInterruptHandler		CODE           	2F10	0000	10
		_TMR0_ISR      		CODE           	2D26	0000	50
		_TMR0_Initialize		CODE           	2E02	0000	38

mcc_generated_files/tmr0.c estimated size: 98

C:\Program Files\Microchip\xc8\v2.36\pic\sources\c99\common\xxtofl.c
		___xxtofl      		CODE           	1C28	0000	440

C:\Program Files\Microchip\xc8\v2.36\pic\sources\c99\common\xxtofl.c estimated size: 440

mcc_generated_files/pin_manager.c
		_PIN_MANAGER_Initialize		CODE           	29BA	0000	112

mcc_generated_files/pin_manager.c estimated size: 112

mcc_generated_files/uart1.c
		_UART1_Write   		CODE           	2E4C	0000	28
		_UART1_SetFramingErrorHandler		CODE           	2EE8	0000	10
		_UART1_SetOverrunErrorHandler		CODE           	2EDE	0000	10
		_UART1_Initialize		CODE           	2A2A	0000	110
		_UART1_SetErrorHandler		CODE           	2EF2	0000	10
		_UART1_Read    		CODE           	277A	0000	162
		_UART1_DefaultFramingErrorHandler		CODE           	2F20	0000	2
		_UART1_is_rx_ready		CODE           	2E80	0000	22
		_UART1_DefaultErrorHandler		CODE           	2F22	0000	2
		_UART1_DefaultOverrunErrorHandler		CODE           	2F1E	0000	2

mcc_generated_files/uart1.c estimated size: 358

C:\Program Files\Microchip\xc8\v2.36\pic\sources\c99\common\lwdiv.c
		___lwdiv       		CODE           	2944	0000	118

C:\Program Files\Microchip\xc8\v2.36\pic\sources\c99\common\lwdiv.c estimated size: 118

C:\Program Files\Microchip\xc8\v2.36\pic\sources\c99\common\fltol.c
		___fltol       		CODE           	2110	0000	264

C:\Program Files\Microchip\xc8\v2.36\pic\sources\c99\common\fltol.c estimated size: 264

shared
		i2___fltol     		CODE           	2218	0000	262
		__initialization		CODE           	2CEC	0000	48
		i2___flmul     		CODE           	0A14	0000	1102
		i2___xxtofl    		CODE           	1DE0	0000	436

shared estimated size: 1848

mcc_generated_files/mcc.c
		_PMD_Initialize		CODE           	2E28	0000	36
		_OSCILLATOR_Initialize		CODE           	2E68	0000	24
		_SYSTEM_Initialize		CODE           	2DDC	0000	38

mcc_generated_files/mcc.c estimated size: 98

mcc_generated_files/tmr3.c
		_TMR3_ISR      		CODE           	2422	0000	244
		_TMR3_Initialize		CODE           	2C1A	0000	72
		_TMR3_SetInterruptHandler		CODE           	2EFC	0000	10
		_TMR3_WriteTimer		CODE           	2D84	0000	44

mcc_generated_files/tmr3.c estimated size: 370

C:\Program Files\Microchip\xc8\v2.36\pic\sources\c99\common\abs.c
		_abs           		CODE           	2CAA	0000	66

C:\Program Files\Microchip\xc8\v2.36\pic\sources\c99\common\abs.c estimated size: 66

C:\Program Files\Microchip\xc8\v2.36\pic\sources\c99\common\flge.c
		___flge        		CODE           	231E	0000	260

C:\Program Files\Microchip\xc8\v2.36\pic\sources\c99\common\flge.c estimated size: 260

mcc_generated_files/tmr1.c
		_TMR1_Initialize		CODE           	2C62	0000	72
		_TMR1_SetInterruptHandler		CODE           	2F06	0000	10
		_TMR1_WriteTimer		CODE           	2DB0	0000	44
		_TMR1_ISR      		CODE           	1F94	0000	380

mcc_generated_files/tmr1.c estimated size: 506

main.c
		_f_gps         		CODE           	26BE	0000	188
		_main          		CODE           	11FE	0000	730
		_ang2msj       		CODE           	17A2	0000	626
		_orientacion   		CODE           	2516	0000	228
		_calibracion   		CODE           	28BE	0000	134
		_emergency     		CODE           	2EAC	0000	20
		_seguimiento   		CODE           	1A14	0000	532
		_inicio        		CODE           	25FA	0000	196
		_parametros    		CODE           	001E	0000	1446
		_transmision   		CODE           	2BC8	0000	82
		_recepcion     		CODE           	14D8	0000	714

main.c estimated size: 4896

C:\Program Files\Microchip\xc8\v2.36\pic\sources\c99\common\Umul16.c
		___wmul        		CODE           	2D58	0000	44

C:\Program Files\Microchip\xc8\v2.36\pic\sources\c99\common\Umul16.c estimated size: 44

